main.c:147:5:map	32	static
main.c:155:6:printMutexUART	16	static
main.c:161:6:settingNextFilter	16	static
main.c:206:6:sendDataToNodeMCU	16	static
main.c:226:6:HAL_GPIO_EXTI_Callback	16	static
main.c:243:5:main	104	static
main.c:349:6:SystemClock_Config	88	static
main.c:391:13:MX_I2C1_Init	8	static
main.c:423:13:MX_USART1_UART_Init	8	static
main.c:454:13:MX_USART2_UART_Init	8	static
main.c:485:13:MX_USART6_UART_Init	8	static
main.c:516:13:MX_GPIO_Init	48	static
main.c:587:6:StartDefaultTask	16	static
main.c:603:6:luxFunc	80	static
main.c:707:6:rgbCount	24	static
main.c:756:6:update	16	static
main.c:772:6:Error_Handler	4	static,ignoring_inline_asm
