main.c:99:6:set_rgbByPercentage	16	static
main.c:106:9:hexToDec	16	static
main.c:110:6:convertColor	16	static
main.c:129:9:convertPercentage	48	static
main.c:160:6:HAL_UART_RxCpltCallback	16	static
main.c:189:5:main	16	static
main.c:262:6:SystemClock_Config	88	static
main.c:304:13:MX_I2C3_Init	8	static
main.c:336:13:MX_TIM4_Init	64	static
main.c:399:13:MX_USART1_UART_Init	8	static
main.c:430:13:MX_USART2_UART_Init	8	static
main.c:461:13:MX_USART6_UART_Init	8	static
main.c:492:13:MX_GPIO_Init	48	static
main.c:527:6:Error_Handler	4	static,ignoring_inline_asm
